<?xml version="1.0" encoding="utf-8"?><testsuites><testsuite name="pytest" errors="0" failures="0" skipped="1" tests="5" time="33.355" timestamp="2023-08-09T14:33:19.063272" hostname="DESKTOP-93TLNRK"><testcase classname="testCases.test_login_TC_LF_001.TestLogin" name="test_TC_LF_001" time="7.808" /><testcase classname="testCases.test_login_TC_LF_002.TestLogin" name="test_TC_LF_002" time="7.600" /><testcase classname="testCases.test_registration_TC_RF_001.TestRegistration" name="test_TC_RF_001" time="0.001"><skipped type="pytest.skip" message="unconditional skip">C:\Users\dines\PycharmProjects\opencart_v2\testCases\test_registration_TC_RF_001.py:13: unconditional skip</skipped></testcase><testcase classname="testCases.test_registration_TC_RF_004.Test_TC_RF_004" name="test_TC_RF_004" time="8.826" /><testcase classname="testCases.test_registration_TC_RF_008.Test_TC_RF_008" name="test_TC_RF_008" time="9.038" /></testsuite></testsuites>